<html>
<body>
<pre>
<h1>µVision Build Log</h1>
<h2>Tool Versions:</h2>
IDE-Version: ¦ÌVision V5.14.0.0
Copyright (C) 2015 ARM Ltd and ARM Germany GmbH. All rights reserved.
License Information: Lee Lance, personal lab, LIC=TA3Z9-4DAL1-33RM1-C2VQJ-YBSK8-1IEF5
 
Tool Versions:
Toolchain:       MDK-ARM Professional  Version: 5.14.0.0
Toolchain Path:  D:\Program Files\Keil_v5\ARM\ARMCC\Bin
C Compiler:      Armcc.exe V5.05 update 1 (build 106)
Assembler:       Armasm.exe V5.05 update 1 (build 106)
Linker/Locator:  ArmLink.exe V5.05 update 1 (build 106)
Library Manager: ArmAr.exe V5.05 update 1 (build 106)
Hex Converter:   FromElf.exe V5.05 update 1 (build 106)
CPU DLL:         SARMCM3.DLL V5.14.0.0
Dialog DLL:      DCM.DLL V1.13.1.0
Target DLL:      Segger\JL2CM3.dll V2.99.13.0
Dialog DLL:      TCM.DLL V1.14.4.0
 
<h2>Project:</h2>
C:\Users\Lance\Documents\GitHub\FreeRTOS_LwIP-STM32F4xx\MDK\STM32F405_7.uvprojx
Project File Date:  05/11/2020

<h2>Output:</h2>
Build target 'STM32F405_7'
compiling tcp_task.c...
linking...
Program Size: Code=56228 RO-data=1028 RW-data=448 ZI-data=102880  
FromELF: creating hex file...
After Build - User command #1: fromelf.exe ..\output\STM32F405_7.axf --vhx --8x1 --output main.hex;fromelf --bin -o "..\output\STM32F405_7.bin" "..\output\STM32F405_7.axf"
"..\output\STM32F405_7.axf" - 0 Error(s), 0 Warning(s).

<h2>Collection of Component include folders:</h2>
  C:\Users\Lance\Documents\GitHub\FreeRTOS_LwIP-STM32F4xx\MDK\RTE
  D:\Program Files\Keil_v5\ARM\PACK\Keil\STM32F4xx_DFP\2.5.0

<h2>Collection of Component Files used:</h2>
</pre>
</body>
</html>
